============================= test session starts =============================
platform win32 -- Python 3.11.0, pytest-9.0.2, pluggy-1.6.0 -- C:\Users\dell\AppData\Local\Programs\Python\Python311\python.exe
cachedir: .pytest_cache
rootdir: C:\Users\dell\Desktop\try3(gpt prompts)
collecting ... collected 28 items

tests/test_collision_system.py::test_collision_result_none PASSED        [  3%]
tests/test_collision_system.py::test_collision_result_populated PASSED   [  7%]
tests/test_collision_system.py::test_collider_rect_at_origin PASSED      [ 10%]
tests/test_collision_system.py::test_collider_rect_with_parent_offset FAILED [ 14%]
tests/test_collision_system.py::test_no_collision_when_far PASSED        [ 17%]
tests/test_collision_system.py::test_collision_returns_result_on_overlap FAILED [ 21%]
tests/test_collision_system.py::test_collision_normal_direction FAILED   [ 25%]
tests/test_collision_system.py::test_free_movement PASSED                [ 28%]
tests/test_collision_system.py::test_blocked_movement_x FAILED           [ 32%]
tests/test_collision_system.py::test_velocity_zeroed_only_on_impact_axis FAILED [ 35%]
tests/test_gameplay_layer.py::test_horizontal_acceleration PASSED        [ 39%]
tests/test_gameplay_layer.py::test_friction PASSED                       [ 42%]
tests/test_gameplay_layer.py::test_ground_detection FAILED               [ 46%]
tests/test_gameplay_layer.py::test_jump_logic FAILED                     [ 50%]
tests/test_nodes.py::test_nodes PASSED                                   [ 53%]
tests/test_performance_stability.py::test_consistent_jump_height PASSED  [ 57%]
tests/test_performance_stability.py::test_global_position_cache PASSED   [ 60%]
tests/test_physics_layer.py::test_gravity_increases_velocity PASSED      [ 64%]
tests/test_physics_layer.py::test_no_gravity_stays_still PASSED          [ 67%]
tests/test_physics_layer.py::test_gravity_stops_at_floor FAILED          [ 71%]
tests/test_physics_layer.py::test_apply_impulse PASSED                   [ 75%]
tests/test_physics_layer.py::test_apply_impulse_additive PASSED          [ 78%]
tests/test_physics_layer.py::test_gravity_does_not_affect_x PASSED       [ 82%]
tests/test_state_layer.py::test_idle_to_run_transition PASSED            [ 85%]
tests/test_state_layer.py::test_run_to_idle_transition FAILED            [ 89%]
tests/test_state_layer.py::test_jump_to_fall_transition PASSED           [ 92%]
tests/test_state_layer.py::test_fall_to_idle_on_landing FAILED           [ 96%]
tests/test_state_layer.py::test_no_direct_velocity_modification_in_states PASSED [100%]

================================== FAILURES ===================================
____________________ test_collider_rect_with_parent_offset ____________________

    def test_collider_rect_with_parent_offset():
        parent = Node2D("P", 100, 200)
        col = Collider2D("C", 5, 10, 30, 40)
        parent.add_child(col)
        rect = col.get_rect()
>       assert rect[0] == 105 and rect[1] == 210
E       assert (5 == 105)

tests\test_collision_system.py:117: AssertionError
__________________ test_collision_returns_result_on_overlap ___________________

    def test_collision_returns_result_on_overlap():
        root, cw, body, body_col, wall, wall_col = build_simple_scene()
        # Move player to x=160 → player rect right edge = 210, wall left = 200 → overlap 10px
        result = cw.check_collision(body_col, 160, 100)
>       assert result.collided is True
E       assert False is True
E        +  where False = CollisionResult(collided=False, collider=None, normal_x=0.0, normal_y=0.0, penetration=0.0).collided

tests\test_collision_system.py:137: AssertionError
_______________________ test_collision_normal_direction _______________________

    def test_collision_normal_direction():
        root, cw, body, body_col, wall, wall_col = build_simple_scene()
        # Move player into wall from the left → normal should push left (normal_x = -1)
        result = cw.check_collision(body_col, 170, 100)
>       assert result.collided is True
E       assert False is True
E        +  where False = CollisionResult(collided=False, collider=None, normal_x=0.0, normal_y=0.0, penetration=0.0).collided

tests\test_collision_system.py:147: AssertionError
___________________________ test_blocked_movement_x ___________________________

    def test_blocked_movement_x():
        root, cw, body, body_col, wall, wall_col = build_simple_scene()
        body.velocity_x = 1000.0  # large velocity to overshoot into wall
        body.velocity_y = 50.0
        body.update(0.1)
        # X should be corrected (not past wall), velocity_x zeroed
>       assert body.velocity_x == 0.0
E       assert 1000.0 == 0.0
E        +  where 1000.0 = Node(Player).velocity_x

tests\test_collision_system.py:173: AssertionError
__________________ test_velocity_zeroed_only_on_impact_axis ___________________

    def test_velocity_zeroed_only_on_impact_axis():
        root, cw, body, body_col, wall, wall_col = build_simple_scene()
        body.velocity_x = 2000.0
        body.velocity_y = 200.0
        body.update(0.05)
>       assert body.velocity_x == 0.0   # impacted axis
        ^^^^^^^^^^^^^^^^^^^^^^^^^^^^^
E       assert 2000.0 == 0.0
E        +  where 2000.0 = Node(Player).velocity_x

tests\test_collision_system.py:185: AssertionError
____________________________ test_ground_detection ____________________________

    def test_ground_detection():
        root, cw, player = build_scene()
    
        # 1. Player in air (y=100, floor at y=400)
        player.controller.update(player, 0.1, {})
        assert player.controller.is_grounded == False
    
        # 2. Player touching ground
        # Player rect is 50x50. If y=350, bottom is 400.
        player.local_y = 350.0
        player.controller.update(player, 0.1, {})
>       assert player.controller.is_grounded == True
E       assert False == True
E        +  where False = <src.game.player_controller.PlayerController object at 0x0000012D47FCD790>.is_grounded
E        +    where <src.game.player_controller.PlayerController object at 0x0000012D47FCD790> = Node(Player).controller

tests\test_gameplay_layer.py:105: AssertionError
_______________________________ test_jump_logic _______________________________

    def test_jump_logic():
        root, cw, player = build_scene()
        player.use_gravity = False
    
        # 1. Try jump while in air
        player.local_y = 100.0
        input_state = {"jump": True}
        player.controller.update(player, 0.1, input_state)
        assert player.velocity_y == 0.0 # No jump
    
        # 2. Try jump while grounded
        player.local_y = 350.0
        player.controller.update(player, 0.1, input_state)
        # jump_force = 450. velocity_y should be -450
>       assert player.velocity_y == -450.0
E       assert 0.0 == -450.0
E        +  where 0.0 = Node(Player).velocity_y

tests\test_gameplay_layer.py:130: AssertionError
_________________________ test_gravity_stops_at_floor _________________________

    def test_gravity_stops_at_floor():
        root, cw, body = build_scene_with_floor()
    
        # Simulate several frames — body should fall and stop at floor
        for _ in range(200):
            body.update(1 / 60)
    
        # Body bottom (local_y + 50) should not exceed floor top (400)
>       assert body.local_y + 50 <= 401  # 1px tolerance for int rects
        ^^^^^^^^^^^^^^^^^^^^^^^^^^^^^^^
E       assert (4566.666666666664 + 50) <= 401
E        +  where 4566.666666666664 = Node(Body).local_y

tests\test_physics_layer.py:106: AssertionError
_________________________ test_run_to_idle_transition _________________________

    def test_run_to_idle_transition():
        root, cw, player = build_scene()
        # Ground the player
        player.local_y = 350.0
        player.controller.update(player, 0.1, {})
    
        player.velocity_x = 50.0
        player.state_machine.update(0.1) # Transition to Run
        assert player.state_machine.get_state_name() == "RunState", f"Expected RunState, got {player.state_machine.get_state_name()}"
    
        player.velocity_x = 5.0
        player.state_machine.update(0.1)
>       assert player.state_machine.get_state_name() == "IdleState", f"Expected IdleState, got {player.state_machine.get_state_name()}"
E       AssertionError: Expected IdleState, got FallState
E       assert 'FallState' == 'IdleState'
E         
E         - IdleState
E         + FallState

tests\test_state_layer.py:86: AssertionError
________________________ test_fall_to_idle_on_landing _________________________

    def test_fall_to_idle_on_landing():
        root, cw, player = build_scene()
    
        # In air, falling
        player.local_y = 100.0
        player.velocity_y = 50.0
        player.state_machine.update(0.1)
        assert player.state_machine.get_state_name() == "FallState"
    
        # Hit floor
        player.local_y = 350.0
        player.velocity_y = 0.0
        # Must update controller first to set grounded flag for the FSM to see
        player.controller.update(player, 0.1, {})
        player.state_machine.update(0.1)
>       assert player.state_machine.get_state_name() == "IdleState"
E       AssertionError: assert 'FallState' == 'IdleState'
E         
E         - IdleState
E         + FallState

tests\test_state_layer.py:120: AssertionError
============================== warnings summary ===============================
tests\test_nodes.py:3
  C:\Users\dell\Desktop\try3(gpt prompts)\tests\test_nodes.py:3: PytestCollectionWarning: cannot collect test class 'TestNode' because it has a __init__ constructor (from: tests/test_nodes.py)
    class TestNode(Node):

-- Docs: https://docs.pytest.org/en/stable/how-to/capture-warnings.html
=========================== short test summary info ===========================
FAILED tests/test_collision_system.py::test_collider_rect_with_parent_offset
FAILED tests/test_collision_system.py::test_collision_returns_result_on_overlap
FAILED tests/test_collision_system.py::test_collision_normal_direction - asse...
FAILED tests/test_collision_system.py::test_blocked_movement_x - assert 1000....
FAILED tests/test_collision_system.py::test_velocity_zeroed_only_on_impact_axis
FAILED tests/test_gameplay_layer.py::test_ground_detection - assert False == ...
FAILED tests/test_gameplay_layer.py::test_jump_logic - assert 0.0 == -450.0
FAILED tests/test_physics_layer.py::test_gravity_stops_at_floor - assert (456...
FAILED tests/test_state_layer.py::test_run_to_idle_transition - AssertionErro...
FAILED tests/test_state_layer.py::test_fall_to_idle_on_landing - AssertionErr...
================== 10 failed, 18 passed, 1 warning in 0.94s ===================
